Arnica montana	https://upload.wikimedia.org/wikipedia/commons/8/88/Arnica_montana_-_K%C3%B6hler%E2%80%93s_Medizinal-Pflanzen-016.jpg	HTTPError: HTTP Error 404: Not Found
Atropa belladonna	https://upload.wikimedia.org/wikipedia/commons/e/ea/Atropa_belladonna_-_K%C3%B6hler%E2%80%93s_Medizinal-Pflanzen-020.jpg	HTTPError: HTTP Error 404: Not Found
Borago officinalis	https://upload.wikimedia.org/wikipedia/commons/5/5d/Borago_officinalis_-_K%C3%B6hler%E2%80%93s_Medizinal-Pflanzen-023.jpg	HTTPError: HTTP Error 404: Not Found
Cannabis sativa	https://upload.wikimedia.org/wikipedia/commons/8/8f/Cannabis_sativa_-_K%C3%B6hler%E2%80%93s_Medizinal-Pflanzen-027.jpg	HTTPError: HTTP Error 404: Not Found
Carum carvi	https://upload.wikimedia.org/wikipedia/commons/6/65/Carum_carvi_-_K%C3%B6hler%E2%80%93s_Medizinal-Pflanzen-030.jpg	HTTPError: HTTP Error 404: Not Found
Matricaria chamomilla	https://upload.wikimedia.org/wikipedia/commons/0/02/Matricaria_chamomilla_-_K%C3%B6hler%E2%80%93s_Medizinal-Pflanzen-093.jpg	HTTPError: HTTP Error 404: Not Found
Cinnamomum verum	https://upload.wikimedia.org/wikipedia/commons/4/4e/Cinnamomum_zeylanicum_-_K%C3%B6hler%E2%80%93s_Medizinal-Pflanzen-039.jpg	HTTPError: HTTP Error 404: Not Found
Crocus sativus	https://upload.wikimedia.org/wikipedia/commons/8/8c/Crocus_sativus_-_K%C3%B6hler%E2%80%93s_Medizinal-Pflanzen-048.jpg	HTTPError: HTTP Error 404: Not Found
Eucalyptus globulus	https://upload.wikimedia.org/wikipedia/commons/6/6f/Eucalyptus_globulus_-_K%C3%B6hler%E2%80%93s_Medizinal-Pflanzen-058.jpg	HTTPError: HTTP Error 404: Not Found
Foeniculum vulgare	https://upload.wikimedia.org/wikipedia/commons/6/63/Foeniculum_vulgare_-_K%C3%B6hler%E2%80%93s_Medizinal-Pflanzen-064.jpg	HTTPError: HTTP Error 404: Not Found
Gentiana lutea	https://upload.wikimedia.org/wikipedia/commons/c/cf/Gentiana_lutea_-_K%C3%B6hler%E2%80%93s_Medizinal-Pflanzen-068.jpg	HTTPError: HTTP Error 404: Not Found
Glycyrrhiza glabra	https://upload.wikimedia.org/wikipedia/commons/9/91/Glycyrrhiza_glabra_-_K%C3%B6hler%E2%80%93s_Medizinal-Pflanzen-069.jpg	HTTPError: HTTP Error 404: Not Found
Gossypium herbaceum	https://upload.wikimedia.org/wikipedia/commons/c/c7/Gossypium_herbaceum_-_K%C3%B6hler%E2%80%93s_Medizinal-Pflanzen-070.jpg	HTTPError: HTTP Error 404: Not Found
Humulus lupulus	https://upload.wikimedia.org/wikipedia/commons/b/b6/Humulus_lupulus_-_K%C3%B6hler%E2%80%93s_Medizinal-Pflanzen-073.jpg	HTTPError: HTTP Error 404: Not Found
Hyoscyamus niger	https://upload.wikimedia.org/wikipedia/commons/c/cc/Hyoscyamus_niger_-_K%C3%B6hler%E2%80%93s_Medizinal-Pflanzen-074.jpg	HTTPError: HTTP Error 404: Not Found
Lavandula angustifolia	https://upload.wikimedia.org/wikipedia/commons/9/95/Lavandula_angustifolia_-_K%C3%B6hler%E2%80%93s_Medizinal-Pflanzen-086.jpg	HTTPError: HTTP Error 404: Not Found
Malva sylvestris	https://upload.wikimedia.org/wikipedia/commons/d/d0/Malva_sylvestris_-_K%C3%B6hler%E2%80%93s_Medizinal-Pflanzen-091.jpg	HTTPError: HTTP Error 404: Not Found
Mentha piperita	https://upload.wikimedia.org/wikipedia/commons/d/dd/Mentha_piperita_-_K%C3%B6hler%E2%80%93s_Medizinal-Pflanzen-095.jpg	HTTPError: HTTP Error 404: Not Found
Olea europaea	https://upload.wikimedia.org/wikipedia/commons/b/bb/Olea_europaea_-_K%C3%B6hler%E2%80%93s_Medizinal-Pflanzen-100.jpg	HTTPError: HTTP Error 404: Not Found
Papaver somniferum	https://upload.wikimedia.org/wikipedia/commons/b/b4/Papaver_somniferum_-_K%C3%B6hler%E2%80%93s_Medizinal-Pflanzen-103.jpg	HTTPError: HTTP Error 404: Not Found
Petroselinum crispum	https://upload.wikimedia.org/wikipedia/commons/d/dd/Petroselinum_sativum_-_K%C3%B6hler%E2%80%93s_Medizinal-Pflanzen-106.jpg	HTTPError: HTTP Error 404: Not Found
Pimpinella anisum	https://upload.wikimedia.org/wikipedia/commons/5/54/Pimpinella_anisum_-_K%C3%B6hler%E2%80%93s_Medizinal-Pflanzen-108.jpg	HTTPError: HTTP Error 404: Not Found
Piper nigrum	https://upload.wikimedia.org/wikipedia/commons/f/fa/Piper_nigrum_-_K%C3%B6hler%E2%80%93s_Medizinal-Pflanzen-110.jpg	HTTPError: HTTP Error 404: Not Found
Ricinus communis	https://upload.wikimedia.org/wikipedia/commons/5/52/Ricinus_communis_-_K%C3%B6hler%E2%80%93s_Medizinal-Pflanzen-120.jpg	HTTPError: HTTP Error 404: Not Found
Rosa gallica	https://upload.wikimedia.org/wikipedia/commons/c/c9/Rosa_gallica_-_K%C3%B6hler%E2%80%93s_Medizinal-Pflanzen-121.jpg	HTTPError: HTTP Error 404: Not Found
Salvia officinalis	https://upload.wikimedia.org/wikipedia/commons/0/02/Salvia_officinalis_-_K%C3%B6hler%E2%80%93s_Medizinal-Pflanzen-124.jpg	HTTPError: HTTP Error 404: Not Found
Sambucus nigra	https://upload.wikimedia.org/wikipedia/commons/a/ab/Sambucus_nigra_-_K%C3%B6hler%E2%80%93s_Medizinal-Pflanzen-125.jpg	HTTPError: HTTP Error 404: Not Found
Sinapis alba	https://upload.wikimedia.org/wikipedia/commons/0/02/Sinapis_alba_-_K%C3%B6hler%E2%80%93s_Medizinal-Pflanzen-129.jpg	HTTPError: HTTP Error 404: Not Found
Symphytum officinale	https://upload.wikimedia.org/wikipedia/commons/a/a6/Symphytum_officinale_-_K%C3%B6hler%E2%80%93s_Medizinal-Pflanzen-133.jpg	HTTPError: HTTP Error 404: Not Found
Thymus vulgaris	https://upload.wikimedia.org/wikipedia/commons/b/b9/Thymus_vulgaris_-_K%C3%B6hler%E2%80%93s_Medizinal-Pflanzen-136.jpg	HTTPError: HTTP Error 404: Not Found
Trigonella foenum-graecum	https://upload.wikimedia.org/wikipedia/commons/7/73/Trigonella_foenum-graecum_-_K%C3%B6hler%E2%80%93s_Medizinal-Pflanzen-139.jpg	HTTPError: HTTP Error 404: Not Found
Zingiber officinale	https://upload.wikimedia.org/wikipedia/commons/0/06/Zingiber_officinale_-_K%C3%B6hler%E2%80%93s_Medizinal-Pflanzen-149.jpg	HTTPError: HTTP Error 404: Not Found
Achillea millefolium	https://upload.wikimedia.org/wikipedia/commons/d/d5/Achillea_millefolium_-_K%C3%B6hler%E2%80%93s_Medizinal-Pflanzen-002.jpg	HTTPError: HTTP Error 404: Not Found
Aconitum napellus	https://upload.wikimedia.org/wikipedia/commons/8/8d/Aconitum_napellus_-_K%C3%B6hler%E2%80%93s_Medizinal-Pflanzen-003.jpg	HTTPError: HTTP Error 404: Not Found
Aesculus hippocastanum	https://upload.wikimedia.org/wikipedia/commons/9/94/Aesculus_hippocastanum_-_K%C3%B6hler%E2%80%93s_Medizinal-Pflanzen-005.jpg	HTTPError: HTTP Error 404: Not Found
Agrimonia eupatoria	https://upload.wikimedia.org/wikipedia/commons/4/49/Agrimonia_eupatoria_-_K%C3%B6hler%E2%80%93s_Medizinal-Pflanzen-004.jpg	HTTPError: HTTP Error 404: Not Found
Allium sativum	https://upload.wikimedia.org/wikipedia/commons/1/10/Allium_sativum_-_K%C3%B6hler%E2%80%93s_Medizinal-Pflanzen-007.jpg	HTTPError: HTTP Error 404: Not Found
Aloe vera	https://upload.wikimedia.org/wikipedia/commons/7/7c/Aloe_succotrina_-_K%C3%B6hler%E2%80%93s_Medizinal-Pflanzen-008.jpg	HTTPError: HTTP Error 404: Not Found
Angelica archangelica	https://upload.wikimedia.org/wikipedia/commons/3/38/Angelica_archangelica_-_K%C3%B6hler%E2%80%93s_Medizinal-Pflanzen-009.jpg	HTTPError: HTTP Error 404: Not Found
Artemisia absinthium	https://upload.wikimedia.org/wikipedia/commons/e/eb/Artemisia_absinthium_-_K%C3%B6hler%E2%80%93s_Medizinal-Pflanzen-017.jpg	HTTPError: HTTP Error 404: Not Found
Avena sativa	https://upload.wikimedia.org/wikipedia/commons/e/e1/Avena_sativa_-_K%C3%B6hler%E2%80%93s_Medizinal-Pflanzen-021.jpg	HTTPError: HTTP Error 404: Not Found
Berberis vulgaris	https://upload.wikimedia.org/wikipedia/commons/6/61/Berberis_vulgaris_-_K%C3%B6hler%E2%80%93s_Medizinal-Pflanzen-022.jpg	HTTPError: HTTP Error 404: Not Found
Capsella bursa-pastoris	https://upload.wikimedia.org/wikipedia/commons/0/08/Capsella_bursa-pastoris_-_K%C3%B6hler%E2%80%93s_Medizinal-Pflanzen-028.jpg	HTTPError: HTTP Error 404: Not Found
Capsicum annuum	https://upload.wikimedia.org/wikipedia/commons/2/29/Capsicum_annuum_-_K%C3%B6hler%E2%80%93s_Medizinal-Pflanzen-029.jpg	HTTPError: HTTP Error 404: Not Found
Chelidonium majus	https://upload.wikimedia.org/wikipedia/commons/9/9e/Chelidonium_majus_-_K%C3%B6hler%E2%80%93s_Medizinal-Pflanzen-035.jpg	HTTPError: HTTP Error 404: Not Found
Cinchona pubescens	https://upload.wikimedia.org/wikipedia/commons/f/f2/Cinchona_succirubra_-_K%C3%B6hler%E2%80%93s_Medizinal-Pflanzen-038.jpg	HTTPError: HTTP Error 404: Not Found
Coffea arabica	https://upload.wikimedia.org/wikipedia/commons/e/ec/Coffea_arabica_-_K%C3%B6hler%E2%80%93s_Medizinal-Pflanzen-042.jpg	HTTPError: HTTP Error 404: Not Found
Colchicum autumnale	https://upload.wikimedia.org/wikipedia/commons/a/a7/Colchicum_autumnale_-_K%C3%B6hler%E2%80%93s_Medizinal-Pflanzen-043.jpg	HTTPError: HTTP Error 404: Not Found
Coriandrum sativum	https://upload.wikimedia.org/wikipedia/commons/9/9a/Coriandrum_sativum_-_K%C3%B6hler%E2%80%93s_Medizinal-Pflanzen-046.jpg	HTTPError: HTTP Error 404: Not Found
Corylus avellana	https://upload.wikimedia.org/wikipedia/commons/e/ee/Corylus_avellana_-_K%C3%B6hler%E2%80%93s_Medizinal-Pflanzen-047.jpg	HTTPError: HTTP Error 404: Not Found
Crataegus laevigata	https://upload.wikimedia.org/wikipedia/commons/6/65/Crataegus_oxyacantha_-_K%C3%B6hler%E2%80%93s_Medizinal-Pflanzen-049.jpg	HTTPError: HTTP Error 404: Not Found
Cucurbita pepo	https://upload.wikimedia.org/wikipedia/commons/9/9a/Cucurbita_pepo_-_K%C3%B6hler%E2%80%93s_Medizinal-Pflanzen-050.jpg	HTTPError: HTTP Error 404: Not Found
Cydonia oblonga	https://upload.wikimedia.org/wikipedia/commons/8/88/Cydonia_vulgaris_-_K%C3%B6hler%E2%80%93s_Medizinal-Pflanzen-052.jpg	HTTPError: HTTP Error 404: Not Found
Drosera rotundifolia	https://upload.wikimedia.org/wikipedia/commons/3/3e/Drosera_rotundifolia_-_K%C3%B6hler%E2%80%93s_Medizinal-Pflanzen-054.jpg	HTTPError: HTTP Error 404: Not Found
Dryopteris filix-mas	https://upload.wikimedia.org/wikipedia/commons/0/0a/Aspidium_filix-mas_-_K%C3%B6hler%E2%80%93s_Medizinal-Pflanzen-019.jpg	HTTPError: HTTP Error 404: Not Found
Elettaria cardamomum	https://upload.wikimedia.org/wikipedia/commons/6/68/Elettaria_cardamomum_-_K%C3%B6hler%E2%80%93s_Medizinal-Pflanzen-055.jpg	HTTPError: HTTP Error 404: Not Found
Claviceps purpurea	https://upload.wikimedia.org/wikipedia/commons/9/93/Claviceps_purpurea_-_K%C3%B6hler%E2%80%93s_Medizinal-Pflanzen-205.jpg	HTTPError: HTTP Error 404: Not Found
Equisetum arvense	https://upload.wikimedia.org/wikipedia/commons/0/04/Equisetum_arvense_-_K%C3%B6hler%E2%80%93s_Medizinal-Pflanzen-206.jpg	HTTPError: HTTP Error 404: Not Found
Fagopyrum esculentum	https://upload.wikimedia.org/wikipedia/commons/5/5f/Fagopyrum_esculentum_-_K%C3%B6hler%E2%80%93s_Medizinal-Pflanzen-062.jpg	HTTPError: HTTP Error 404: Not Found
Fragaria vesca	https://upload.wikimedia.org/wikipedia/commons/9/98/Fragaria_vesca_-_K%C3%B6hler%E2%80%93s_Medizinal-Pflanzen-065.jpg	HTTPError: HTTP Error 404: Not Found
Fraxinus excelsior	https://upload.wikimedia.org/wikipedia/commons/0/05/Fraxinus_excelsior_-_K%C3%B6hler%E2%80%93s_Medizinal-Pflanzen-066.jpg	HTTPError: HTTP Error 404: Not Found
Fumaria officinalis	https://upload.wikimedia.org/wikipedia/commons/c/c5/Fumaria_officinalis_-_K%C3%B6hler%E2%80%93s_Medizinal-Pflanzen-067.jpg	HTTPError: HTTP Error 404: Not Found
Galanthus nivalis	https://upload.wikimedia.org/wikipedia/commons/7/75/Galanthus_nivalis_-_K%C3%B6hler%E2%80%93s_Medizinal-Pflanzen-209.jpg	HTTPError: HTTP Error 404: Not Found
Galium verum	https://upload.wikimedia.org/wikipedia/commons/9/94/Galium_verum_-_K%C3%B6hler%E2%80%93s_Medizinal-Pflanzen-210.jpg	HTTPError: HTTP Error 404: Not Found
Geranium robertianum	https://upload.wikimedia.org/wikipedia/commons/4/4a/Geranium_robertianum_-_K%C3%B6hler%E2%80%93s_Medizinal-Pflanzen-212.jpg	HTTPError: HTTP Error 404: Not Found
Geum urbanum	https://upload.wikimedia.org/wikipedia/commons/7/76/Geum_urbanum_-_K%C3%B6hler%E2%80%93s_Medizinal-Pflanzen-213.jpg	HTTPError: HTTP Error 404: Not Found
Hedera helix	https://upload.wikimedia.org/wikipedia/commons/a/ae/Hedera_helix_-_K%C3%B6hler%E2%80%93s_Medizinal-Pflanzen-071.jpg	HTTPError: HTTP Error 404: Not Found
Helianthus annuus	https://upload.wikimedia.org/wikipedia/commons/4/40/Helianthus_annuus_-_K%C3%B6hler%E2%80%93s_Medizinal-Pflanzen-072.jpg	HTTPError: HTTP Error 404: Not Found
Helleborus niger	https://upload.wikimedia.org/wikipedia/commons/f/fd/Helleborus_niger_-_K%C3%B6hler%E2%80%93s_Medizinal-Pflanzen-215.jpg	HTTPError: HTTP Error 404: Not Found
Hordeum vulgare	https://upload.wikimedia.org/wikipedia/commons/d/d4/Hordeum_vulgare_-_K%C3%B6hler%E2%80%93s_Medizinal-Pflanzen-076.jpg	HTTPError: HTTP Error 404: Not Found
Hypericum perforatum	https://upload.wikimedia.org/wikipedia/commons/2/2b/Hypericum_perforatum_-_K%C3%B6hler%E2%80%93s_Medizinal-Pflanzen-078.jpg	HTTPError: HTTP Error 404: Not Found
Hyssopus officinalis	https://upload.wikimedia.org/wikipedia/commons/f/ff/Hyssopus_officinalis_-_K%C3%B6hler%E2%80%93s_Medizinal-Pflanzen-079.jpg	HTTPError: HTTP Error 404: Not Found
Carapichea ipecacuanha	https://upload.wikimedia.org/wikipedia/commons/2/2a/Cephaelis_ipecacuanha_-_K%C3%B6hler%E2%80%93s_Medizinal-Pflanzen-032.jpg	HTTPError: HTTP Error 404: Not Found
Lactuca virosa	https://upload.wikimedia.org/wikipedia/commons/4/4c/Lactuca_virosa_-_K%C3%B6hler%E2%80%93s_Medizinal-Pflanzen-084.jpg	HTTPError: HTTP Error 404: Not Found
Lamium album	https://upload.wikimedia.org/wikipedia/commons/d/d9/Lamium_album_-_K%C3%B6hler%E2%80%93s_Medizinal-Pflanzen-223.jpg	HTTPError: HTTP Error 404: Not Found
Laurus nobilis	https://upload.wikimedia.org/wikipedia/commons/8/81/Laurus_nobilis_-_K%C3%B6hler%E2%80%93s_Medizinal-Pflanzen-085.jpg	HTTPError: HTTP Error 404: Not Found
Levisticum officinale	https://upload.wikimedia.org/wikipedia/commons/f/f5/Levisticum_officinale_-_K%C3%B6hler%E2%80%93s_Medizinal-Pflanzen-087.jpg	HTTPError: HTTP Error 404: Not Found
Ligustrum vulgare	https://upload.wikimedia.org/wikipedia/commons/b/b5/Ligustrum_vulgare_-_K%C3%B6hler%E2%80%93s_Medizinal-Pflanzen-225.jpg	HTTPError: HTTP Error 404: Not Found
Cetraria islandica	https://upload.wikimedia.org/wikipedia/commons/9/9c/Cetraria_islandica_-_K%C3%B6hler%E2%80%93s_Medizinal-Pflanzen-204.jpg	HTTPError: HTTP Error 404: Not Found
Lobelia inflata	https://upload.wikimedia.org/wikipedia/commons/6/6d/Lobelia_inflata_-_K%C3%B6hler%E2%80%93s_Medizinal-Pflanzen-089.jpg	HTTPError: HTTP Error 404: Not Found
Lupinus luteus	https://upload.wikimedia.org/wikipedia/commons/1/1e/Lupinus_luteus_-_K%C3%B6hler%E2%80%93s_Medizinal-Pflanzen-090.jpg	HTTPError: HTTP Error 404: Not Found
Lycopodium clavatum	https://upload.wikimedia.org/wikipedia/commons/b/b1/Lycopodium_clavatum_-_K%C3%B6hler%E2%80%93s_Medizinal-Pflanzen-228.jpg	HTTPError: HTTP Error 404: Not Found
Marrubium vulgare	https://upload.wikimedia.org/wikipedia/commons/9/99/Marrubium_vulgare_-_K%C3%B6hler%E2%80%93s_Medizinal-Pflanzen-092.jpg	HTTPError: HTTP Error 404: Not Found
Melilotus officinalis	https://upload.wikimedia.org/wikipedia/commons/f/f3/Melilotus_officinalis_-_K%C3%B6hler%E2%80%93s_Medizinal-Pflanzen-094.jpg	HTTPError: HTTP Error 404: Not Found
Melissa officinalis	https://upload.wikimedia.org/wikipedia/commons/8/84/Melissa_officinalis_-_K%C3%B6hler%E2%80%93s_Medizinal-Pflanzen-231.jpg	HTTPError: HTTP Error 404: Not Found
Menyanthes trifoliata	https://upload.wikimedia.org/wikipedia/commons/b/b9/Menyanthes_trifoliata_-_K%C3%B6hler%E2%80%93s_Medizinal-Pflanzen-096.jpg	HTTPError: HTTP Error 404: Not Found
Morus nigra	https://upload.wikimedia.org/wikipedia/commons/6/62/Morus_nigra_-_K%C3%B6hler%E2%80%93s_Medizinal-Pflanzen-098.jpg	HTTPError: HTTP Error 404: Not Found
Nymphaea alba	https://upload.wikimedia.org/wikipedia/commons/0/02/Nymphaea_alba_-_K%C3%B6hler%E2%80%93s_Medizinal-Pflanzen-099.jpg	HTTPError: HTTP Error 404: Not Found
Ocimum basilicum	https://upload.wikimedia.org/wikipedia/commons/0/07/Ocimum_basilicum_-_K%C3%B6hler%E2%80%93s_Medizinal-Pflanzen-101.jpg	HTTPError: HTTP Error 404: Not Found
Ononis spinosa	https://upload.wikimedia.org/wikipedia/commons/0/0e/Ononis_spinosa_-_K%C3%B6hler%E2%80%93s_Medizinal-Pflanzen-102.jpg	HTTPError: HTTP Error 404: Not Found
Origanum majorana	https://upload.wikimedia.org/wikipedia/commons/5/51/Origanum_majorana_-_K%C3%B6hler%E2%80%93s_Medizinal-Pflanzen-104.jpg	HTTPError: HTTP Error 404: Not Found
Oryza sativa	https://upload.wikimedia.org/wikipedia/commons/2/29/Oryza_sativa_-_K%C3%B6hler%E2%80%93s_Medizinal-Pflanzen-235.jpg	HTTPError: HTTP Error 404: Not Found
Paeonia officinalis	https://upload.wikimedia.org/wikipedia/commons/9/99/Paeonia_officinalis_-_K%C3%B6hler%E2%80%93s_Medizinal-Pflanzen-105.jpg	HTTPError: HTTP Error 404: Not Found
Panax ginseng	https://upload.wikimedia.org/wikipedia/commons/9/97/Panax_ginseng_-_K%C3%B6hler%E2%80%93s_Medizinal-Pflanzen-236.jpg	HTTPError: HTTP Error 404: Not Found
Pimpinella saxifraga	https://upload.wikimedia.org/wikipedia/commons/3/32/Pimpinella_saxifraga_-_K%C3%B6hler%E2%80%93s_Medizinal-Pflanzen-109.jpg	HTTPError: HTTP Error 404: Not Found
Pinus sylvestris	https://upload.wikimedia.org/wikipedia/commons/4/4c/Pinus_sylvestris_-_K%C3%B6hler%E2%80%93s_Medizinal-Pflanzen-111.jpg	HTTPError: HTTP Error 404: Not Found
Plantago major	https://upload.wikimedia.org/wikipedia/commons/6/6a/Plantago_major_-_K%C3%B6hler%E2%80%93s_Medizinal-Pflanzen-112.jpg	HTTPError: HTTP Error 404: Not Found
Polygala senega	https://upload.wikimedia.org/wikipedia/commons/1/14/Polygala_senega_-_K%C3%B6hler%E2%80%93s_Medizinal-Pflanzen-113.jpg	HTTPError: HTTP Error 404: Not Found
Bistorta officinalis	https://upload.wikimedia.org/wikipedia/commons/0/0e/Polygonum_bistorta_-_K%C3%B6hler%E2%80%93s_Medizinal-Pflanzen-114.jpg	HTTPError: HTTP Error 404: Not Found
Quercus robur	https://upload.wikimedia.org/wikipedia/commons/9/96/Quercus_robur_-_K%C3%B6hler%E2%80%93s_Medizinal-Pflanzen-116.jpg	HTTPError: HTTP Error 404: Not Found
Rheum officinale	https://upload.wikimedia.org/wikipedia/commons/d/d5/Rheum_officinale_-_K%C3%B6hler%E2%80%93s_Medizinal-Pflanzen-118.jpg	HTTPError: HTTP Error 404: Not Found
Ribes nigrum	https://upload.wikimedia.org/wikipedia/commons/d/d8/Ribes_nigrum_-_K%C3%B6hler%E2%80%93s_Medizinal-Pflanzen-245.jpg	HTTPError: HTTP Error 404: Not Found
Salvia rosmarinus	https://upload.wikimedia.org/wikipedia/commons/6/60/Rosmarinus_officinalis_-_K%C3%B6hler%E2%80%93s_Medizinal-Pflanzen-122.jpg	HTTPError: HTTP Error 404: Not Found
Ruta graveolens	https://upload.wikimedia.org/wikipedia/commons/7/71/Ruta_graveolens_-_K%C3%B6hler%E2%80%93s_Medizinal-Pflanzen-249.jpg	HTTPError: HTTP Error 404: Not Found
Salix alba	https://upload.wikimedia.org/wikipedia/commons/8/81/Salix_alba_-_K%C3%B6hler%E2%80%93s_Medizinal-Pflanzen-127.jpg	HTTPError: HTTP Error 404: Not Found
Saponaria officinalis	https://upload.wikimedia.org/wikipedia/commons/4/4c/Saponaria_officinalis_-_K%C3%B6hler%E2%80%93s_Medizinal-Pflanzen-131.jpg	HTTPError: HTTP Error 404: Not Found
Drimia maritima	https://upload.wikimedia.org/wikipedia/commons/7/73/Scilla_maritima_-_K%C3%B6hler%E2%80%93s_Medizinal-Pflanzen-132.jpg	HTTPError: HTTP Error 404: Not Found
Sesamum indicum	https://upload.wikimedia.org/wikipedia/commons/f/f6/Sesamum_indicum_-_K%C3%B6hler%E2%80%93s_Medizinal-Pflanzen-253.jpg	HTTPError: HTTP Error 404: Not Found
Solanum tuberosum	https://upload.wikimedia.org/wikipedia/commons/7/71/Solanum_tuberosum_-_K%C3%B6hler%E2%80%93s_Medizinal-Pflanzen-134.jpg	HTTPError: HTTP Error 404: Not Found
Tilia cordata	https://upload.wikimedia.org/wikipedia/commons/e/e0/Tilia_ulmifolia_-_K%C3%B6hler%E2%80%93s_Medizinal-Pflanzen-138.jpg	HTTPError: HTTP Error 404: Not Found
Triticum aestivum	https://upload.wikimedia.org/wikipedia/commons/a/a8/Triticum_vulgare_-_K%C3%B6hler%E2%80%93s_Medizinal-Pflanzen-140.jpg	HTTPError: HTTP Error 404: Not Found
Tussilago farfara	https://upload.wikimedia.org/wikipedia/commons/3/3f/Tussilago_farfara_-_K%C3%B6hler%E2%80%93s_Medizinal-Pflanzen-141.jpg	HTTPError: HTTP Error 404: Not Found
Urtica dioica	https://upload.wikimedia.org/wikipedia/commons/2/27/Urtica_dioica_-_K%C3%B6hler%E2%80%93s_Medizinal-Pflanzen-142.jpg	HTTPError: HTTP Error 404: Not Found
Vaccinium myrtillus	https://upload.wikimedia.org/wikipedia/commons/6/6d/Vaccinium_myrtillus_-_K%C3%B6hler%E2%80%93s_Medizinal-Pflanzen-144.jpg	HTTPError: HTTP Error 404: Not Found
Vanilla planifolia	https://upload.wikimedia.org/wikipedia/commons/f/fa/Vanilla_planifolia_-_K%C3%B6hler%E2%80%93s_Medizinal-Pflanzen-145.jpg	HTTPError: HTTP Error 404: Not Found
Verbascum thapsus	https://upload.wikimedia.org/wikipedia/commons/a/aa/Verbascum_phlomoides_-_K%C3%B6hler%E2%80%93s_Medizinal-Pflanzen-146.jpg	HTTPError: HTTP Error 404: Not Found
Verbena officinalis	https://upload.wikimedia.org/wikipedia/commons/b/ba/Verbena_officinalis_-_K%C3%B6hler%E2%80%93s_Medizinal-Pflanzen-268.jpg	HTTPError: HTTP Error 404: Not Found
Veronica officinalis	https://upload.wikimedia.org/wikipedia/commons/4/42/Veronica_officinalis_-_K%C3%B6hler%E2%80%93s_Medizinal-Pflanzen-269.jpg	HTTPError: HTTP Error 404: Not Found
Vinca minor	https://upload.wikimedia.org/wikipedia/commons/3/38/Vinca_minor_-_K%C3%B6hler%E2%80%93s_Medizinal-Pflanzen-271.jpg	HTTPError: HTTP Error 404: Not Found
Viola odorata	https://upload.wikimedia.org/wikipedia/commons/e/e9/Viola_odorata_-_K%C3%B6hler%E2%80%93s_Medizinal-Pflanzen-148.jpg	HTTPError: HTTP Error 404: Not Found
Viscum album	https://upload.wikimedia.org/wikipedia/commons/0/00/Viscum_album_-_K%C3%B6hler%E2%80%93s_Medizinal-Pflanzen-272.jpg	HTTPError: HTTP Error 404: Not Found
Zea mays	https://upload.wikimedia.org/wikipedia/commons/f/fb/Zea_mays_-_K%C3%B6hler%E2%80%93s_Medizinal-Pflanzen-150.jpg	HTTPError: HTTP Error 404: Not Found
Abies alba	https://upload.wikimedia.org/wikipedia/commons/d/d6/Abies_pectinata_-_K%C3%B6hler%E2%80%93s_Medizinal-Pflanzen-151.jpg	HTTPError: HTTP Error 404: Not Found
Acer campestre	https://upload.wikimedia.org/wikipedia/commons/6/62/Acer_campestre_-_K%C3%B6hler%E2%80%93s_Medizinal-Pflanzen-276.jpg	HTTPError: HTTP Error 404: Not Found
Adiantum capillus-veneris	https://upload.wikimedia.org/wikipedia/commons/a/a6/Adiantum_capillus-veneris_-_K%C3%B6hler%E2%80%93s_Medizinal-Pflanzen-153.jpg	HTTPError: HTTP Error 404: Not Found
Ajuga reptans	https://upload.wikimedia.org/wikipedia/commons/2/20/Ajuga_reptans_-_K%C3%B6hler%E2%80%93s_Medizinal-Pflanzen-154.jpg	HTTPError: HTTP Error 404: Not Found
Alchemilla vulgaris	https://upload.wikimedia.org/wikipedia/commons/b/bb/Alchemilla_vulgaris_-_K%C3%B6hler%E2%80%93s_Medizinal-Pflanzen-155.jpg	HTTPError: HTTP Error 404: Not Found
Allium cepa	https://upload.wikimedia.org/wikipedia/commons/b/b0/Allium_cepa_-_K%C3%B6hler%E2%80%93s_Medizinal-Pflanzen-156.jpg	HTTPError: HTTP Error 404: Not Found
Alnus glutinosa	https://upload.wikimedia.org/wikipedia/commons/1/14/Alnus_glutinosa_-_K%C3%B6hler%E2%80%93s_Medizinal-Pflanzen-157.jpg	HTTPError: HTTP Error 404: Not Found
Anemone nemorosa	https://upload.wikimedia.org/wikipedia/commons/d/d6/Anemone_nemorosa_-_K%C3%B6hler%E2%80%93s_Medizinal-Pflanzen-159.jpg	HTTPError: HTTP Error 404: Not Found
Anethum graveolens	https://upload.wikimedia.org/wikipedia/commons/c/c6/Anethum_graveolens_-_K%C3%B6hler%E2%80%93s_Medizinal-Pflanzen-160.jpg	HTTPError: HTTP Error 404: Not Found
Apium graveolens	https://upload.wikimedia.org/wikipedia/commons/5/55/Apium_graveolens_-_K%C3%B6hler%E2%80%93s_Medizinal-Pflanzen-162.jpg	HTTPError: HTTP Error 404: Not Found
Aquilegia vulgaris	https://upload.wikimedia.org/wikipedia/commons/6/6a/Aquilegia_vulgaris_-_K%C3%B6hler%E2%80%93s_Medizinal-Pflanzen-163.jpg	HTTPError: HTTP Error 404: Not Found
Arctostaphylos uva-ursi	https://upload.wikimedia.org/wikipedia/commons/a/a4/Arctostaphylos_uva-ursi_-_K%C3%B6hler%E2%80%93s_Medizinal-Pflanzen-164.jpg	HTTPError: HTTP Error 404: Not Found
Arctium lappa	https://upload.wikimedia.org/wikipedia/commons/3/31/Arctium_lappa_-_K%C3%B6hler%E2%80%93s_Medizinal-Pflanzen-165.jpg	HTTPError: HTTP Error 404: Not Found
Aristolochia clematitis	https://upload.wikimedia.org/wikipedia/commons/c/c8/Aristolochia_clematitis_-_K%C3%B6hler%E2%80%93s_Medizinal-Pflanzen-166.jpg	HTTPError: HTTP Error 404: Not Found
Armoracia rusticana	https://upload.wikimedia.org/wikipedia/commons/0/05/Cochlearia_armoracia_-_K%C3%B6hler%E2%80%93s_Medizinal-Pflanzen-041.jpg	HTTPError: HTTP Error 404: Not Found
Artemisia dracunculus	https://upload.wikimedia.org/wikipedia/commons/8/85/Artemisia_dracunculus_-_K%C3%B6hler%E2%80%93s_Medizinal-Pflanzen-167.jpg	HTTPError: HTTP Error 404: Not Found
Artemisia vulgaris	https://upload.wikimedia.org/wikipedia/commons/3/3d/Artemisia_vulgaris_-_K%C3%B6hler%E2%80%93s_Medizinal-Pflanzen-168.jpg	HTTPError: HTTP Error 404: Not Found
Asparagus officinalis	https://upload.wikimedia.org/wikipedia/commons/8/85/Asparagus_officinalis_-_K%C3%B6hler%E2%80%93s_Medizinal-Pflanzen-169.jpg	HTTPError: HTTP Error 404: Not Found
Galium odoratum	https://upload.wikimedia.org/wikipedia/commons/b/b5/Asperula_odorata_-_K%C3%B6hler%E2%80%93s_Medizinal-Pflanzen-170.jpg	HTTPError: HTTP Error 404: Not Found
Asplenium trichomanes	https://upload.wikimedia.org/wikipedia/commons/d/dc/Asplenium_trichomanes_-_K%C3%B6hler%E2%80%93s_Medizinal-Pflanzen-171.jpg	HTTPError: HTTP Error 404: Not Found
Astragalus gummifer	https://upload.wikimedia.org/wikipedia/commons/b/b2/Astragalus_gummifer_-_K%C3%B6hler%E2%80%93s_Medizinal-Pflanzen-172.jpg	HTTPError: HTTP Error 404: Not Found
Atriplex hortensis	https://upload.wikimedia.org/wikipedia/commons/5/50/Atriplex_hortensis_-_K%C3%B6hler%E2%80%93s_Medizinal-Pflanzen-173.jpg	HTTPError: HTTP Error 404: Not Found
Bellis perennis	https://upload.wikimedia.org/wikipedia/commons/9/95/Bellis_perennis_-_K%C3%B6hler%E2%80%93s_Medizinal-Pflanzen-174.jpg	HTTPError: HTTP Error 404: Not Found
Betula pendula	https://upload.wikimedia.org/wikipedia/commons/a/a4/Betula_alba_-_K%C3%B6hler%E2%80%93s_Medizinal-Pflanzen-025.jpg	HTTPError: HTTP Error 404: Not Found
Beta vulgaris	https://upload.wikimedia.org/wikipedia/commons/f/f6/Beta_vulgaris_-_K%C3%B6hler%E2%80%93s_Medizinal-Pflanzen-175.jpg	HTTPError: HTTP Error 404: Not Found
Buxus sempervirens	https://upload.wikimedia.org/wikipedia/commons/f/f8/Buxus_sempervirens_-_K%C3%B6hler%E2%80%93s_Medizinal-Pflanzen-176.jpg	HTTPError: HTTP Error 404: Not Found
Calluna vulgaris	https://upload.wikimedia.org/wikipedia/commons/d/d1/Calluna_vulgaris_-_K%C3%B6hler%E2%80%93s_Medizinal-Pflanzen-177.jpg	HTTPError: HTTP Error 404: Not Found
Camelina sativa	https://upload.wikimedia.org/wikipedia/commons/f/f1/Camelina_sativa_-_K%C3%B6hler%E2%80%93s_Medizinal-Pflanzen-178.jpg	HTTPError: HTTP Error 404: Not Found
Capparis spinosa	https://upload.wikimedia.org/wikipedia/commons/f/f6/Capparis_spinosa_-_K%C3%B6hler%E2%80%93s_Medizinal-Pflanzen-179.jpg	HTTPError: HTTP Error 404: Not Found
Carex arenaria	https://upload.wikimedia.org/wikipedia/commons/b/b0/Carex_arenaria_-_K%C3%B6hler%E2%80%93s_Medizinal-Pflanzen-180.jpg	HTTPError: HTTP Error 404: Not Found
Carthamus tinctorius	https://upload.wikimedia.org/wikipedia/commons/d/d8/Carthamus_tinctorius_-_K%C3%B6hler%E2%80%93s_Medizinal-Pflanzen-181.jpg	HTTPError: HTTP Error 404: Not Found
Castanea sativa	https://upload.wikimedia.org/wikipedia/commons/7/7d/Castanea_vesca_-_K%C3%B6hler%E2%80%93s_Medizinal-Pflanzen-182.jpg	HTTPError: HTTP Error 404: Not Found
Centaurea cyanus	https://upload.wikimedia.org/wikipedia/commons/6/66/Centaurea_cyanus_-_K%C3%B6hler%E2%80%93s_Medizinal-Pflanzen-183.jpg	HTTPError: HTTP Error 404: Not Found
Centaurium erythraea	https://upload.wikimedia.org/wikipedia/commons/0/00/Erythraea_centaurium_-_K%C3%B6hler%E2%80%93s_Medizinal-Pflanzen-060.jpg	HTTPError: HTTP Error 404: Not Found
Erysimum cheiri	https://upload.wikimedia.org/wikipedia/commons/6/6c/Cheiranthus_cheiri_-_K%C3%B6hler%E2%80%93s_Medizinal-Pflanzen-036.jpg	HTTPError: HTTP Error 404: Not Found
Cichorium intybus	https://upload.wikimedia.org/wikipedia/commons/d/d9/Cichorium_intybus_-_K%C3%B6hler%E2%80%93s_Medizinal-Pflanzen-037.jpg	HTTPError: HTTP Error 404: Not Found
Clematis vitalba	https://upload.wikimedia.org/wikipedia/commons/3/3a/Clematis_vitalba_-_K%C3%B6hler%E2%80%93s_Medizinal-Pflanzen-185.jpg	HTTPError: HTTP Error 404: Not Found
Conium maculatum	https://upload.wikimedia.org/wikipedia/commons/7/76/Conium_maculatum_-_K%C3%B6hler%E2%80%93s_Medizinal-Pflanzen-044.jpg	HTTPError: HTTP Error 404: Not Found
Delphinium consolida	https://upload.wikimedia.org/wikipedia/commons/6/61/Delphinium_consolida_-_K%C3%B6hler%E2%80%93s_Medizinal-Pflanzen-187.jpg	HTTPError: HTTP Error 404: Not Found
Dipsacus fullonum	https://upload.wikimedia.org/wikipedia/commons/0/08/Dipsacus_fullonum_-_K%C3%B6hler%E2%80%93s_Medizinal-Pflanzen-188.jpg	HTTPError: HTTP Error 404: Not Found
Dracaena draco	https://upload.wikimedia.org/wikipedia/commons/8/88/Dracaena_draco_-_K%C3%B6hler%E2%80%93s_Medizinal-Pflanzen-189.jpg	HTTPError: HTTP Error 404: Not Found
Euonymus europaeus	https://upload.wikimedia.org/wikipedia/commons/5/51/Evonymus_europaeus_-_K%C3%B6hler%E2%80%93s_Medizinal-Pflanzen-190.jpg	HTTPError: HTTP Error 404: Not Found
Eupatorium cannabinum	https://upload.wikimedia.org/wikipedia/commons/f/f9/Eupatorium_cannabinum_-_K%C3%B6hler%E2%80%93s_Medizinal-Pflanzen-191.jpg	HTTPError: HTTP Error 404: Not Found
Euphorbia lathyris	https://upload.wikimedia.org/wikipedia/commons/3/33/Euphorbia_lathyris_-_K%C3%B6hler%E2%80%93s_Medizinal-Pflanzen-192.jpg	HTTPError: HTTP Error 404: Not Found
Euphrasia officinalis	https://upload.wikimedia.org/wikipedia/commons/f/fa/Euphrasia_officinalis_-_K%C3%B6hler%E2%80%93s_Medizinal-Pflanzen-061.jpg	HTTPError: HTTP Error 404: Not Found
Fagus sylvatica	https://upload.wikimedia.org/wikipedia/commons/2/27/Fagus_silvatica_-_K%C3%B6hler%E2%80%93s_Medizinal-Pflanzen-063.jpg	HTTPError: HTTP Error 404: Not Found
Filipendula ulmaria	https://upload.wikimedia.org/wikipedia/commons/f/f4/Spiraea_ulmaria_-_K%C3%B6hler%E2%80%93s_Medizinal-Pflanzen-262.jpg	HTTPError: HTTP Error 404: Not Found
Amelanchier ovalis	https://upload.wikimedia.org/wikipedia/commons/f/ff/Amelanchier_vulgaris_-_K%C3%B6hler%E2%80%93s_Medizinal-Pflanzen-158.jpg	HTTPError: HTTP Error 404: Not Found
Ulex europaeus	https://upload.wikimedia.org/wikipedia/commons/6/69/Ulex_europaeus_-_K%C3%B6hler%E2%80%93s_Medizinal-Pflanzen-265.jpg	HTTPError: HTTP Error 404: Not Found
Prunus spinosa	https://upload.wikimedia.org/wikipedia/commons/8/82/Prunus_spinosa_-_K%C3%B6hler%E2%80%93s_Medizinal-Pflanzen-242.jpg	HTTPError: HTTP Error 404: Not Found
Trollius europaeus	https://upload.wikimedia.org/wikipedia/commons/b/b3/Trollius_europaeus_-_K%C3%B6hler%E2%80%93s_Medizinal-Pflanzen-264.jpg	HTTPError: HTTP Error 404: Not Found
Geranium sanguineum	https://upload.wikimedia.org/wikipedia/commons/4/4b/Geranium_sanguineum_-_K%C3%B6hler%E2%80%93s_Medizinal-Pflanzen-211.jpg	HTTPError: HTTP Error 404: Not Found
Lithospermum officinale	https://upload.wikimedia.org/wikipedia/commons/a/a6/Lithospermum_officinale_-_K%C3%B6hler%E2%80%93s_Medizinal-Pflanzen-226.jpg	HTTPError: HTTP Error 404: Not Found
Silene dioica	https://upload.wikimedia.org/wikipedia/commons/4/43/Lychnis_diurna_-_K%C3%B6hler%E2%80%93s_Medizinal-Pflanzen-227.jpg	HTTPError: HTTP Error 404: Not Found
Melica uniflora	https://upload.wikimedia.org/wikipedia/commons/b/b1/Melica_uniflora_-_K%C3%B6hler%E2%80%93s_Medizinal-Pflanzen-230.jpg	HTTPError: HTTP Error 404: Not Found
Vaccinium vitis-idaea	https://upload.wikimedia.org/wikipedia/commons/4/4b/Vaccinium_vitis-idaea_-_K%C3%B6hler%E2%80%93s_Medizinal-Pflanzen-266.jpg	HTTPError: HTTP Error 404: Not Found
Myrica gale	https://upload.wikimedia.org/wikipedia/commons/9/92/Myrica_gale_-_K%C3%B6hler%E2%80%93s_Medizinal-Pflanzen-232.jpg	HTTPError: HTTP Error 404: Not Found
Myosotis arvensis	https://upload.wikimedia.org/wikipedia/commons/6/62/Myosotis_arvensis_-_K%C3%B6hler%E2%80%93s_Medizinal-Pflanzen-233.jpg	HTTPError: HTTP Error 404: Not Found
Narcissus pseudonarcissus	https://upload.wikimedia.org/wikipedia/commons/2/24/Narcissus_pseudonarcissus_-_K%C3%B6hler%E2%80%93s_Medizinal-Pflanzen-234.jpg	HTTPError: HTTP Error 404: Not Found
Lotus corniculatus	https://upload.wikimedia.org/wikipedia/commons/0/0d/Lotus_corniculatus_-_K%C3%B6hler%E2%80%93s_Medizinal-Pflanzen-237.jpg	HTTPError: HTTP Error 404: Not Found
Anemone coronaria	https://upload.wikimedia.org/wikipedia/commons/a/a1/Anemone_coronaria_-_K%C3%B6hler%E2%80%93s_Medizinal-Pflanzen-159.jpg	HTTPError: HTTP Error 404: Not Found
Argyranthemum frutescens	https://upload.wikimedia.org/wikipedia/commons/e/ef/Chrysanthemum_frutescens_-_K%C3%B6hler%E2%80%93s_Medizinal-Pflanzen-034.jpg	HTTPError: HTTP Error 404: Not Found
Pulsatilla vulgaris	https://upload.wikimedia.org/wikipedia/commons/c/c7/Anemone_pulsatilla_-_K%C3%B6hler%E2%80%93s_Medizinal-Pflanzen-010.jpg	HTTPError: HTTP Error 404: Not Found
Centaurea calcitrapa	https://upload.wikimedia.org/wikipedia/commons/5/5b/Centaurea_calcitrapa_-_K%C3%B6hler%E2%80%93s_Medizinal-Pflanzen-184.jpg	HTTPError: HTTP Error 404: Not Found
Asplenium ruta-muraria	https://upload.wikimedia.org/wikipedia/commons/f/f4/Asplenium_ruta-muraria_-_K%C3%B6hler%E2%80%93s_Medizinal-Pflanzen-171.jpg	HTTPError: HTTP Error 404: Not Found
Glaucium flavum	https://upload.wikimedia.org/wikipedia/commons/7/72/Glaucium_luteum_-_K%C3%B6hler%E2%80%93s_Medizinal-Pflanzen-214.jpg	HTTPError: HTTP Error 404: Not Found
Hippophae rhamnoides	https://upload.wikimedia.org/wikipedia/commons/1/18/Hippophae_rhamnoides_-_K%C3%B6hler%E2%80%93s_Medizinal-Pflanzen-216.jpg	HTTPError: HTTP Error 404: Not Found
Hippuris vulgaris	https://upload.wikimedia.org/wikipedia/commons/e/e9/Hippuris_vulgaris_-_K%C3%B6hler%E2%80%93s_Medizinal-Pflanzen-217.jpg	HTTPError: HTTP Error 404: Not Found
Hydrocharis morsus-ranae	https://upload.wikimedia.org/wikipedia/commons/b/b6/Hydrocharis_morsus-ranae_-_K%C3%B6hler%E2%80%93s_Medizinal-Pflanzen-218.jpg	HTTPError: HTTP Error 404: Not Found
Hydrocotyle vulgaris	https://upload.wikimedia.org/wikipedia/commons/9/98/Hydrocotyle_vulgaris_-_K%C3%B6hler%E2%80%93s_Medizinal-Pflanzen-219.jpg	HTTPError: HTTP Error 404: Not Found
Inula helenium	https://upload.wikimedia.org/wikipedia/commons/8/88/Inula_helenium_-_K%C3%B6hler%E2%80%93s_Medizinal-Pflanzen-080.jpg	HTTPError: HTTP Error 404: Not Found
Iris germanica	https://upload.wikimedia.org/wikipedia/commons/a/ac/Iris_germanica_-_K%C3%B6hler%E2%80%93s_Medizinal-Pflanzen-220.jpg	HTTPError: HTTP Error 404: Not Found
Ephedra distachya	https://upload.wikimedia.org/wikipedia/commons/4/4d/Ephedra_distachya_-_K%C3%B6hler%E2%80%93s_Medizinal-Pflanzen-207.jpg	HTTPError: HTTP Error 404: Not Found
Knautia arvensis	https://upload.wikimedia.org/wikipedia/commons/d/db/Knautia_arvensis_-_K%C3%B6hler%E2%80%93s_Medizinal-Pflanzen-221.jpg	HTTPError: HTTP Error 404: Not Found
Rhododendron tomentosum	https://upload.wikimedia.org/wikipedia/commons/3/39/Ledum_palustre_-_K%C3%B6hler%E2%80%93s_Medizinal-Pflanzen-224.jpg	HTTPError: HTTP Error 404: Not Found
Leonurus cardiaca	https://upload.wikimedia.org/wikipedia/commons/0/07/Leonurus_cardiaca_-_K%C3%B6hler%E2%80%93s_Medizinal-Pflanzen-087.jpg	HTTPError: HTTP Error 404: Not Found
Leucanthemum vulgare	https://upload.wikimedia.org/wikipedia/commons/a/a6/Chrysanthemum_leucanthemum_-_K%C3%B6hler%E2%80%93s_Medizinal-Pflanzen-033.jpg	HTTPError: HTTP Error 404: Not Found
Linaria vulgaris	https://upload.wikimedia.org/wikipedia/commons/0/09/Linaria_vulgaris_-_K%C3%B6hler%E2%80%93s_Medizinal-Pflanzen-226.jpg	HTTPError: HTTP Error 404: Not Found
Lysimachia nummularia	https://upload.wikimedia.org/wikipedia/commons/f/f3/Lysimachia_nummularia_-_K%C3%B6hler%E2%80%93s_Medizinal-Pflanzen-227.jpg	HTTPError: HTTP Error 404: Not Found
Lythrum salicaria	https://upload.wikimedia.org/wikipedia/commons/4/48/Lythrum_salicaria_-_K%C3%B6hler%E2%80%93s_Medizinal-Pflanzen-228.jpg	HTTPError: HTTP Error 404: Not Found
Cucumis melo	https://upload.wikimedia.org/wikipedia/commons/e/eb/Cucumis_melo_-_K%C3%B6hler%E2%80%93s_Medizinal-Pflanzen-229.jpg	HTTPError: HTTP Error 404: Not Found
Mercurialis perennis	https://upload.wikimedia.org/wikipedia/commons/8/88/Mercurialis_perennis_-_K%C3%B6hler%E2%80%93s_Medizinal-Pflanzen-231.jpg	HTTPError: HTTP Error 404: Not Found
Neottia nidus-avis	https://upload.wikimedia.org/wikipedia/commons/a/af/Neottia_nidus-avis_-_K%C3%B6hler%E2%80%93s_Medizinal-Pflanzen-232.jpg	HTTPError: HTTP Error 404: Not Found
Nepeta cataria	https://upload.wikimedia.org/wikipedia/commons/4/43/Nepeta_cataria_-_K%C3%B6hler%E2%80%93s_Medizinal-Pflanzen-233.jpg	HTTPError: HTTP Error 404: Not Found
Nicotiana tabacum	https://upload.wikimedia.org/wikipedia/commons/1/12/Nicotiana_tabacum_-_K%C3%B6hler%E2%80%93s_Medizinal-Pflanzen-234.jpg	HTTPError: HTTP Error 404: Not Found
Nigella sativa	https://upload.wikimedia.org/wikipedia/commons/2/2a/Nigella_sativa_-_K%C3%B6hler%E2%80%93s_Medizinal-Pflanzen-235.jpg	HTTPError: HTTP Error 404: Not Found
Nuphar lutea	https://upload.wikimedia.org/wikipedia/commons/3/3e/Nuphar_luteum_-_K%C3%B6hler%E2%80%93s_Medizinal-Pflanzen-236.jpg	HTTPError: HTTP Error 404: Not Found
Onobrychis viciifolia	https://upload.wikimedia.org/wikipedia/commons/4/4e/Onobrychis_sativa_-_K%C3%B6hler%E2%80%93s_Medizinal-Pflanzen-237.jpg	HTTPError: HTTP Error 404: Not Found
Orchis mascula	https://upload.wikimedia.org/wikipedia/commons/c/cf/Orchis_mascula_-_K%C3%B6hler%E2%80%93s_Medizinal-Pflanzen-238.jpg	HTTPError: HTTP Error 404: Not Found
Origanum vulgare	https://upload.wikimedia.org/wikipedia/commons/b/b7/Origanum_vulgare_-_K%C3%B6hler%E2%80%93s_Medizinal-Pflanzen-239.jpg	HTTPError: HTTP Error 404: Not Found
Orobanche major	https://upload.wikimedia.org/wikipedia/commons/c/c8/Orobanche_major_-_K%C3%B6hler%E2%80%93s_Medizinal-Pflanzen-240.jpg	HTTPError: HTTP Error 404: Not Found
Paris quadrifolia	https://upload.wikimedia.org/wikipedia/commons/8/82/Paris_quadrifolia_-_K%C3%B6hler%E2%80%93s_Medizinal-Pflanzen-241.jpg	HTTPError: HTTP Error 404: Not Found
Parnassia palustris	https://upload.wikimedia.org/wikipedia/commons/7/70/Parnassia_palustris_-_K%C3%B6hler%E2%80%93s_Medizinal-Pflanzen-242.jpg	HTTPError: HTTP Error 404: Not Found
Petasites hybridus	https://upload.wikimedia.org/wikipedia/commons/d/de/Petasites_officinalis_-_K%C3%B6hler%E2%80%93s_Medizinal-Pflanzen-243.jpg	HTTPError: HTTP Error 404: Not Found
Peucedanum officinale	https://upload.wikimedia.org/wikipedia/commons/c/c3/Peucedanum_officinale_-_K%C3%B6hler%E2%80%93s_Medizinal-Pflanzen-244.jpg	HTTPError: HTTP Error 404: Not Found
Phragmites australis	https://upload.wikimedia.org/wikipedia/commons/5/5d/Phragmites_communis_-_K%C3%B6hler%E2%80%93s_Medizinal-Pflanzen-245.jpg	HTTPError: HTTP Error 404: Not Found
Physalis alkekengi	https://upload.wikimedia.org/wikipedia/commons/5/59/Physalis_alkekengi_-_K%C3%B6hler%E2%80%93s_Medizinal-Pflanzen-246.jpg	HTTPError: HTTP Error 404: Not Found
Sanguisorba minor	https://upload.wikimedia.org/wikipedia/commons/c/c2/Poterium_sanguisorba_-_K%C3%B6hler%E2%80%93s_Medizinal-Pflanzen-247.jpg	HTTPError: HTTP Error 404: Not Found
Prunella vulgaris	https://upload.wikimedia.org/wikipedia/commons/0/0d/Prunella_vulgaris_-_K%C3%B6hler%E2%80%93s_Medizinal-Pflanzen-248.jpg	HTTPError: HTTP Error 404: Not Found
Prunus serotina	https://upload.wikimedia.org/wikipedia/commons/9/9d/Prunus_padus_-_K%C3%B6hler%E2%80%93s_Medizinal-Pflanzen-249.jpg	HTTPError: HTTP Error 404: Not Found
Parietaria officinalis	https://upload.wikimedia.org/wikipedia/commons/0/04/Parietaria_officinalis_-_K%C3%B6hler%E2%80%93s_Medizinal-Pflanzen-250.jpg	HTTPError: HTTP Error 404: Not Found
Primula veris	https://upload.wikimedia.org/wikipedia/commons/6/61/Primula_officinalis_-_K%C3%B6hler%E2%80%93s_Medizinal-Pflanzen-115.jpg	HTTPError: HTTP Error 404: Not Found
Potentilla anserina	https://upload.wikimedia.org/wikipedia/commons/0/06/Potentilla_anserina_-_K%C3%B6hler%E2%80%93s_Medizinal-Pflanzen-251.jpg	HTTPError: HTTP Error 404: Not Found
Potentilla erecta	https://upload.wikimedia.org/wikipedia/commons/7/79/Potentilla_tormentilla_-_K%C3%B6hler%E2%80%93s_Medizinal-Pflanzen-252.jpg	HTTPError: HTTP Error 404: Not Found
Polypodium vulgare	https://upload.wikimedia.org/wikipedia/commons/2/2a/Polypodium_vulgare_-_K%C3%B6hler%E2%80%93s_Medizinal-Pflanzen-253.jpg	HTTPError: HTTP Error 404: Not Found
Populus tremula	https://upload.wikimedia.org/wikipedia/commons/8/8d/Populus_tremula_-_K%C3%B6hler%E2%80%93s_Medizinal-Pflanzen-114.jpg	HTTPError: HTTP Error 404: Not Found
Pulmonaria officinalis	https://upload.wikimedia.org/wikipedia/commons/9/95/Pulmonaria_officinalis_-_K%C3%B6hler%E2%80%93s_Medizinal-Pflanzen-254.jpg	HTTPError: HTTP Error 404: Not Found
Rhododendron ferrugineum	https://upload.wikimedia.org/wikipedia/commons/c/cc/Rhododendron_ferrugineum_-_K%C3%B6hler%E2%80%93s_Medizinal-Pflanzen-255.jpg	HTTPError: HTTP Error 404: Not Found
Ribes uva-crispa	https://upload.wikimedia.org/wikipedia/commons/7/71/Ribes_grossularia_-_K%C3%B6hler%E2%80%93s_Medizinal-Pflanzen-256.jpg	HTTPError: HTTP Error 404: Not Found
Rosa canina	https://upload.wikimedia.org/wikipedia/commons/0/01/Rosa_canina_-_K%C3%B6hler%E2%80%93s_Medizinal-Pflanzen-121.jpg	HTTPError: HTTP Error 404: Not Found
Rubus fruticosus	https://upload.wikimedia.org/wikipedia/commons/a/a9/Rubus_fruticosus_-_K%C3%B6hler%E2%80%93s_Medizinal-Pflanzen-257.jpg	HTTPError: HTTP Error 404: Not Found
Rumex acetosella	https://upload.wikimedia.org/wikipedia/commons/a/ae/Rumex_acetosa_-_K%C3%B6hler%E2%80%93s_Medizinal-Pflanzen-125.jpg	HTTPError: HTTP Error 404: Not Found
Ruscus aculeatus	https://upload.wikimedia.org/wikipedia/commons/d/d8/Ruscus_aculeatus_-_K%C3%B6hler%E2%80%93s_Medizinal-Pflanzen-126.jpg	HTTPError: HTTP Error 404: Not Found
Salvia pratensis	https://upload.wikimedia.org/wikipedia/commons/4/41/Salvia_pratensis_-_K%C3%B6hler%E2%80%93s_Medizinal-Pflanzen-258.jpg	HTTPError: HTTP Error 404: Not Found
Sambucus nigra	https://upload.wikimedia.org/wikipedia/commons/3/36/Sambucus_nigra_-_K%C3%B6hler%E2%80%93s_Medizinal-Pflanzen-128.jpg	HTTPError: HTTP Error 404: Not Found
Sanicula europaea	https://upload.wikimedia.org/wikipedia/commons/2/2c/Sanicula_europaea_-_K%C3%B6hler%E2%80%93s_Medizinal-Pflanzen-259.jpg	HTTPError: HTTP Error 404: Not Found
Sedum acre	https://upload.wikimedia.org/wikipedia/commons/5/57/Sedum_acre_-_K%C3%B6hler%E2%80%93s_Medizinal-Pflanzen-260.jpg	HTTPError: HTTP Error 404: Not Found
Senecio vulgaris	https://upload.wikimedia.org/wikipedia/commons/2/2a/Senecio_vulgaris_-_K%C3%B6hler%E2%80%93s_Medizinal-Pflanzen-261.jpg	HTTPError: HTTP Error 404: Not Found
Smilax ornata	https://upload.wikimedia.org/wikipedia/commons/9/93/Smilax_officinalis_-_K%C3%B6hler%E2%80%93s_Medizinal-Pflanzen-133.jpg	HTTPError: HTTP Error 404: Not Found
Sorbus aucuparia	https://upload.wikimedia.org/wikipedia/commons/2/2a/Sorbus_aucuparia_-_K%C3%B6hler%E2%80%93s_Medizinal-Pflanzen-135.jpg	HTTPError: HTTP Error 404: Not Found
Solanum dulcamara	https://upload.wikimedia.org/wikipedia/commons/c/c3/Solanum_dulcamara_-_K%C3%B6hler%E2%80%93s_Medizinal-Pflanzen-263.jpg	HTTPError: HTTP Error 404: Not Found
Solanum nigrum	https://upload.wikimedia.org/wikipedia/commons/9/94/Solanum_nigrum_-_K%C3%B6hler%E2%80%93s_Medizinal-Pflanzen-264.jpg	HTTPError: HTTP Error 404: Not Found
Solidago virgaurea	https://upload.wikimedia.org/wikipedia/commons/d/dc/Solidago_virgaurea_-_K%C3%B6hler%E2%80%93s_Medizinal-Pflanzen-265.jpg	HTTPError: HTTP Error 404: Not Found
Sonchus arvensis	https://upload.wikimedia.org/wikipedia/commons/9/9a/Sonchus_arvensis_-_K%C3%B6hler%E2%80%93s_Medizinal-Pflanzen-266.jpg	HTTPError: HTTP Error 404: Not Found
Thymus serpyllum	https://upload.wikimedia.org/wikipedia/commons/3/31/Thymus_serpyllum_-_K%C3%B6hler%E2%80%93s_Medizinal-Pflanzen-267.jpg	HTTPError: HTTP Error 404: Not Found
Trigonella foenum-graecum	https://upload.wikimedia.org/wikipedia/commons/7/73/Trigonella_foenum-graecum_-_K%C3%B6hler%E2%80%93s_Medizinal-Pflanzen-139.jpg	HTTPError: HTTP Error 404: Not Found
Trollius europaeus	https://upload.wikimedia.org/wikipedia/commons/3/32/Trollius_europaeus_-_K%C3%B6hler%E2%80%93s_Medizinal-Pflanzen-268.jpg	HTTPError: HTTP Error 404: Not Found
Pimpinella saxifraga	https://upload.wikimedia.org/wikipedia/commons/c/c2/Pimpinella_saxifraga_-_K%C3%B6hler%E2%80%93s_Medizinal-Pflanzen-269.jpg	HTTPError: HTTP Error 404: Not Found
Vicia sativa	https://upload.wikimedia.org/wikipedia/commons/d/df/Vicia_sativa_-_K%C3%B6hler%E2%80%93s_Medizinal-Pflanzen-270.jpg	HTTPError: HTTP Error 404: Not Found
Curcuma zedoaria	https://upload.wikimedia.org/wikipedia/commons/a/a7/Curcuma_zedoaria_-_K%C3%B6hler%E2%80%93s_Medizinal-Pflanzen-273.jpg	HTTPError: HTTP Error 404: Not Found
Zingiber officinale	https://upload.wikimedia.org/wikipedia/commons/0/06/Zingiber_officinale_-_K%C3%B6hler%E2%80%93s_Medizinal-Pflanzen-149.jpg	HTTPError: HTTP Error 404: Not Found
Abies alba	https://upload.wikimedia.org/wikipedia/commons/d/d6/Abies_pectinata_-_K%C3%B6hler%E2%80%93s_Medizinal-Pflanzen-151.jpg	HTTPError: HTTP Error 404: Not Found
Allium sativum	https://upload.wikimedia.org/wikipedia/commons/5/5f/Allium_sativum_-_K%C3%B6hler%E2%80%93s_Medizinal-Pflanzen-005.jpg	HTTPError: HTTP Error 404: Not Found
Allium schoenoprasum	https://upload.wikimedia.org/wikipedia/commons/3/37/Allium_schoenoprasum_-_K%C3%B6hler%E2%80%93s_Medizinal-Pflanzen-274.jpg	HTTPError: HTTP Error 404: Not Found
Ammi visnaga	https://upload.wikimedia.org/wikipedia/commons/3/30/Ammi_visnaga_-_K%C3%B6hler%E2%80%93s_Medizinal-Pflanzen-275.jpg	HTTPError: HTTP Error 404: Not Found
Anemone nemorosa	https://upload.wikimedia.org/wikipedia/commons/d/d6/Anemone_nemorosa_-_K%C3%B6hler%E2%80%93s_Medizinal-Pflanzen-159.jpg	HTTPError: HTTP Error 404: Not Found
Angelica archangelica	https://upload.wikimedia.org/wikipedia/commons/3/38/Angelica_archangelica_-_K%C3%B6hler%E2%80%93s_Medizinal-Pflanzen-009.jpg	HTTPError: HTTP Error 404: Not Found
Arnica montana	https://upload.wikimedia.org/wikipedia/commons/5/51/Arnica_montana_-_K%C3%B6hler%E2%80%93s_Medizinal-Pflanzen-014.jpg	HTTPError: HTTP Error 404: Not Found
Crocus sativus	https://upload.wikimedia.org/wikipedia/commons/4/46/Crocus_sativus_-_K%C3%B6hler%E2%80%93s_Medizinal-Pflanzen-195.jpg	HTTPError: HTTP Error 404: Not Found
Hyssopus officinalis	https://upload.wikimedia.org/wikipedia/commons/c/cb/Hyssopus_officinalis_-_K%C3%B6hler%E2%80%93s_Medizinal-Pflanzen-076.jpg	HTTPError: HTTP Error 404: Not Found
Malva sylvestris	https://upload.wikimedia.org/wikipedia/commons/3/31/Malva_sylvestris_-_K%C3%B6hler%E2%80%93s_Medizinal-Pflanzen-093.jpg	HTTPError: HTTP Error 404: Not Found
Mentha piperita	https://upload.wikimedia.org/wikipedia/commons/5/5e/Mentha_piperita_-_K%C3%B6hler%E2%80%93s_Medizinal-Pflanzen-097.jpg	HTTPError: HTTP Error 404: Not Found
Rhamnus cathartica	https://upload.wikimedia.org/wikipedia/commons/5/5d/Rhamnus_cathartica_-_K%C3%B6hler%E2%80%93s_Medizinal-Pflanzen-117.jpg	HTTPError: HTTP Error 404: Not Found
Aconitum napellus	https://upload.wikimedia.org/wikipedia/commons/a/ac/Aconitum_napellus_-_K%C3%B6hler%E2%80%93s_Medizinal-Pflanzen-002.jpg	HTTPError: HTTP Error 404: Not Found
Artemisia absinthium	https://upload.wikimedia.org/wikipedia/commons/d/db/Artemisia_absinthium_-_K%C3%B6hler%E2%80%93s_Medizinal-Pflanzen-016.jpg	HTTPError: HTTP Error 404: Not Found
Atropa belladonna	https://upload.wikimedia.org/wikipedia/commons/f/ff/Atropa_belladonna_-_K%C3%B6hler%E2%80%93s_Medizinal-Pflanzen-017.jpg	HTTPError: HTTP Error 404: Not Found
Hypericum perforatum	https://upload.wikimedia.org/wikipedia/commons/6/60/Hypericum_perforatum_-_K%C3%B6hler%E2%80%93s_Medizinal-Pflanzen-075.jpg	HTTPError: HTTP Error 404: Not Found
Lavandula angustifolia	https://upload.wikimedia.org/wikipedia/commons/5/54/Lavandula_angustifolia_-_K%C3%B6hler%E2%80%93s_Medizinal-Pflanzen-085.jpg	HTTPError: HTTP Error 404: Not Found
Matricaria chamomilla	https://upload.wikimedia.org/wikipedia/commons/7/75/Matricaria_chamomilla_-_K%C3%B6hler%E2%80%93s_Medizinal-Pflanzen-095.jpg	HTTPError: HTTP Error 404: Not Found
Chelidonium majus	https://upload.wikimedia.org/wikipedia/commons/c/cc/Chelidonium_majus_-_K%C3%B6hler%E2%80%93s_Medizinal-Pflanzen-031.jpg	HTTPError: HTTP Error 404: Not Found
Salvia officinalis	https://upload.wikimedia.org/wikipedia/commons/9/9e/Salvia_officinalis_-_K%C3%B6hler%E2%80%93s_Medizinal-Pflanzen-129.jpg	HTTPError: HTTP Error 404: Not Found
Equisetum arvense	https://upload.wikimedia.org/wikipedia/commons/b/b9/Equisetum_arvense_-_K%C3%B6hler%E2%80%93s_Medizinal-Pflanzen-058.jpg	HTTPError: HTTP Error 404: Not Found
Symphytum officinale	https://upload.wikimedia.org/wikipedia/commons/3/31/Symphytum_officinale_-_K%C3%B6hler%E2%80%93s_Medizinal-Pflanzen-011.jpg	HTTPError: HTTP Error 404: Not Found
Thymus vulgaris	https://upload.wikimedia.org/wikipedia/commons/9/96/Thymus_vulgaris_-_K%C3%B6hler%E2%80%93s_Medizinal-Pflanzen-141.jpg	HTTPError: HTTP Error 404: Not Found
Achillea millefolium	https://upload.wikimedia.org/wikipedia/commons/d/d3/Achillea_millefolium_-_K%C3%B6hler%E2%80%93s_Medizinal-Pflanzen-001.jpg	HTTPError: HTTP Error 404: Not Found
Crataegus monogyna	https://upload.wikimedia.org/wikipedia/commons/8/83/Crataegus_oxyacantha_-_K%C3%B6hler%E2%80%93s_Medizinal-Pflanzen-047.jpg	HTTPError: HTTP Error 404: Not Found
Echinacea purpurea	https://upload.wikimedia.org/wikipedia/commons/2/2b/Echinacea_angustifolia_-_K%C3%B6hler%E2%80%93s_Medizinal-Pflanzen-198.jpg	HTTPError: HTTP Error 404: Not Found
